ERROR:root:test
